Component: ARM Compiler 5.05 update 2 (build 169) Tool: armlink [4d0f33]

==============================================================================

Section Cross References

    startup_stm32f10x_hd.o(RESET) refers to startup_stm32f10x_hd.o(STACK) for __initial_sp
    startup_stm32f10x_hd.o(RESET) refers to startup_stm32f10x_hd.o(.text) for Reset_Handler
    startup_stm32f10x_hd.o(RESET) refers to rtc.o(i.RTC_IRQHandler) for RTC_IRQHandler
    startup_stm32f10x_hd.o(.text) refers to entry.o(.ARM.Collect$$$$00000000) for __main
    main.o(i.Draw_UI) refers to lcd.o(i.LCD_DrawRectangle) for LCD_DrawRectangle
    main.o(i.Draw_UI) refers to lcd.o(i.Show_Str_Mid) for Show_Str_Mid
    main.o(i.Draw_UI) refers to lcd.o(.data) for POINT_COLOR
    main.o(i.Draw_UI) refers to main.o(.data) for kbdSizeY
    main.o(i.Key_GetInput) refers to touch.o(i.GT9147_Scan) for GT9147_Scan
    main.o(i.Key_GetInput) refers to main.o(i.Key_StateSet) for Key_StateSet
    main.o(i.Key_GetInput) refers to touch.o(.bss) for tp_dev
    main.o(i.Key_GetInput) refers to main.o(.data) for kbdSizeX
    main.o(i.Key_StateSet) refers to lcd.o(i.LCD_Fill) for LCD_Fill
    main.o(i.Key_StateSet) refers to lcd.o(i.Show_Str_Mid) for Show_Str_Mid
    main.o(i.Key_StateSet) refers to main.o(.data) for kbdSizeY
    main.o(i.Set_Alarm) refers to main.o(i.Key_GetInput) for Key_GetInput
    main.o(i.Set_Alarm) refers to rtc.o(i.RTC_GetCounter) for RTC_GetCounter
    main.o(i.Set_Alarm) refers to lcd.o(i.LCD_ShowString) for LCD_ShowString
    main.o(i.Set_Alarm) refers to lcd.o(i.LCD_ShowNum) for LCD_ShowNum
    main.o(i.Set_Alarm) refers to main.o(i.Show_ClockSetting) for Show_ClockSetting
    main.o(i.Set_Alarm) refers to main.o(.data) for AlarmTime
    main.o(i.Set_Alarm) refers to main.o(.bss) for AlarmClocks
    main.o(i.ShowDate) refers to lcd.o(i.LCD_ShowNum) for LCD_ShowNum
    main.o(i.ShowDate) refers to rtc.o(.data) for calendar
    main.o(i.Show_ClockSetting) refers to lcd.o(i.LCD_ShowNum) for LCD_ShowNum
    main.o(i.Show_ClockSetting) refers to main.o(.data) for kbdSizeX
    main.o(i.main) refers to define.o(i.Stm32_Clock_Init) for Stm32_Clock_Init
    main.o(i.main) refers to usart.o(i.uart_init) for uart_init
    main.o(i.main) refers to delay.o(i.delay_init) for delay_init
    main.o(i.main) refers to led.o(i.LED_Init) for LED_Init
    main.o(i.main) refers to beep.o(i.BEEP_Init) for BEEP_Init
    main.o(i.main) refers to key.o(i.KEY_Init) for KEY_Init
    main.o(i.main) refers to rtc.o(i.RTC_Init) for RTC_Init
    main.o(i.main) refers to lcd.o(i.LCD_Init) for LCD_Init
    main.o(i.main) refers to touch.o(i.GT9147_Init) for GT9147_Init
    main.o(i.main) refers to lcd.o(i.LCD_ShowString) for LCD_ShowString
    main.o(i.main) refers to main.o(i.Draw_UI) for Draw_UI
    main.o(i.main) refers to rtc.o(i.RTC_GetCounter) for RTC_GetCounter
    main.o(i.main) refers to main.o(i.Show_ClockSetting) for Show_ClockSetting
    main.o(i.main) refers to usart.o(i.USART_SendStr) for USART_SendStr
    main.o(i.main) refers to beep.o(i.Run_Beep) for Run_Beep
    main.o(i.main) refers to main.o(i.ShowDate) for ShowDate
    main.o(i.main) refers to key.o(i.KEY_Scan) for KEY_Scan
    main.o(i.main) refers to beep.o(i.Stop_Beep) for Stop_Beep
    main.o(i.main) refers to lcd.o(i.LCD_ShowNum) for LCD_ShowNum
    main.o(i.main) refers to main.o(i.Set_Alarm) for Set_Alarm
    main.o(i.main) refers to lcd.o(.data) for POINT_COLOR
    main.o(i.main) refers to main.o(.data) for kbdSizeX
    main.o(i.main) refers to rtc.o(.data) for calendar
    main.o(i.main) refers to main.o(.bss) for AlarmClocks
    main.o(.data) refers to main.o(.conststring) for .conststring
    delay.o(i.delay_init) refers to delay.o(.data) for fac_us
    delay.o(i.delay_ms) refers to delay.o(.data) for fac_ms
    delay.o(i.delay_us) refers to delay.o(.data) for fac_us
    define.o(i.MY_NVIC_Init) refers to define.o(i.MY_NVIC_PriorityGroupConfig) for MY_NVIC_PriorityGroupConfig
    beep.o(i.Run_Beep) refers to delay.o(i.delay_ms) for delay_ms
    lcd.o(i.LCD_Clear) refers to lcd.o(i.LCD_SetCursor) for LCD_SetCursor
    lcd.o(i.LCD_Clear) refers to lcd.o(i.LCD_WriteRAM_Prepare) for LCD_WriteRAM_Prepare
    lcd.o(i.LCD_Clear) refers to lcd.o(.bss) for lcddev
    lcd.o(i.LCD_Display_Dir) refers to lcd.o(i.LCD_Scan_Dir) for LCD_Scan_Dir
    lcd.o(i.LCD_Display_Dir) refers to lcd.o(.bss) for lcddev
    lcd.o(i.LCD_DrawLine) refers to lcd.o(i.LCD_DrawPoint) for LCD_DrawPoint
    lcd.o(i.LCD_DrawPoint) refers to lcd.o(i.LCD_SetCursor) for LCD_SetCursor
    lcd.o(i.LCD_DrawPoint) refers to lcd.o(i.LCD_WriteRAM_Prepare) for LCD_WriteRAM_Prepare
    lcd.o(i.LCD_DrawPoint) refers to lcd.o(.data) for POINT_COLOR
    lcd.o(i.LCD_DrawRectangle) refers to lcd.o(i.LCD_DrawLine) for LCD_DrawLine
    lcd.o(i.LCD_Fast_DrawPoint) refers to lcd.o(i.LCD_WR_REG) for LCD_WR_REG
    lcd.o(i.LCD_Fast_DrawPoint) refers to lcd.o(i.LCD_WR_DATA) for LCD_WR_DATA
    lcd.o(i.LCD_Fast_DrawPoint) refers to lcd.o(.bss) for lcddev
    lcd.o(i.LCD_Fill) refers to lcd.o(i.LCD_SetCursor) for LCD_SetCursor
    lcd.o(i.LCD_Fill) refers to lcd.o(i.LCD_WriteRAM_Prepare) for LCD_WriteRAM_Prepare
    lcd.o(i.LCD_Fill) refers to lcd.o(.bss) for lcddev
    lcd.o(i.LCD_Init) refers to delay.o(i.delay_ms) for delay_ms
    lcd.o(i.LCD_Init) refers to lcd.o(i.LCD_WriteReg) for LCD_WriteReg
    lcd.o(i.LCD_Init) refers to lcd.o(i.LCD_WR_REG) for LCD_WR_REG
    lcd.o(i.LCD_Init) refers to delay.o(i.delay_us) for delay_us
    lcd.o(i.LCD_Init) refers to lcd.o(i.LCD_Display_Dir) for LCD_Display_Dir
    lcd.o(i.LCD_Init) refers to lcd.o(i.LCD_Clear) for LCD_Clear
    lcd.o(i.LCD_ReadReg) refers to lcd.o(i.LCD_WR_REG) for LCD_WR_REG
    lcd.o(i.LCD_ReadReg) refers to delay.o(i.delay_us) for delay_us
    lcd.o(i.LCD_ReadReg) refers to lcd.o(i.LCD_RD_DATA) for LCD_RD_DATA
    lcd.o(i.LCD_Scan_Dir) refers to lcd.o(i.LCD_WriteReg) for LCD_WriteReg
    lcd.o(i.LCD_Scan_Dir) refers to lcd.o(i.LCD_WR_REG) for LCD_WR_REG
    lcd.o(i.LCD_Scan_Dir) refers to lcd.o(i.LCD_WR_DATA) for LCD_WR_DATA
    lcd.o(i.LCD_Scan_Dir) refers to lcd.o(.bss) for lcddev
    lcd.o(i.LCD_SetCursor) refers to lcd.o(i.LCD_WR_REG) for LCD_WR_REG
    lcd.o(i.LCD_SetCursor) refers to lcd.o(i.LCD_WR_DATA) for LCD_WR_DATA
    lcd.o(i.LCD_SetCursor) refers to lcd.o(.bss) for lcddev
    lcd.o(i.LCD_ShowChar) refers to lcd.o(i.LCD_Fast_DrawPoint) for LCD_Fast_DrawPoint
    lcd.o(i.LCD_ShowChar) refers to lcd.o(.constdata) for asc2_1206
    lcd.o(i.LCD_ShowChar) refers to lcd.o(.data) for POINT_COLOR
    lcd.o(i.LCD_ShowChar) refers to lcd.o(.bss) for lcddev
    lcd.o(i.LCD_ShowNum) refers to lcd.o(i.LCD_Pow) for LCD_Pow
    lcd.o(i.LCD_ShowNum) refers to lcd.o(i.LCD_ShowChar) for LCD_ShowChar
    lcd.o(i.LCD_ShowString) refers to lcd.o(i.LCD_ShowChar) for LCD_ShowChar
    lcd.o(i.LCD_WriteRAM_Prepare) refers to lcd.o(.bss) for lcddev
    lcd.o(i.Show_Str_Mid) refers to strlen.o(.text) for strlen
    lcd.o(i.Show_Str_Mid) refers to lcd.o(i.LCD_ShowString) for LCD_ShowString
    lcd.o(i.Show_Str_Mid) refers to lcd.o(.bss) for lcddev
    rtc.o(i.RTC_Get) refers to rtc.o(i.Is_Leap_Year) for Is_Leap_Year
    rtc.o(i.RTC_Get) refers to rtc.o(.data) for daycnt
    rtc.o(i.RTC_Get) refers to rtc.o(.constdata) for mon_table
    rtc.o(i.RTC_IRQHandler) refers to rtc.o(i.RTC_Get) for RTC_Get
    rtc.o(i.RTC_Init) refers to delay.o(i.delay_ms) for delay_ms
    rtc.o(i.RTC_Init) refers to rtc.o(i.RTC_Set) for RTC_Set
    rtc.o(i.RTC_Init) refers to define.o(i.MY_NVIC_Init) for MY_NVIC_Init
    rtc.o(i.RTC_Init) refers to rtc.o(i.RTC_Get) for RTC_Get
    rtc.o(i.RTC_Set) refers to rtc.o(i.Is_Leap_Year) for Is_Leap_Year
    rtc.o(i.RTC_Set) refers to rtc.o(i.RTC_Get) for RTC_Get
    rtc.o(i.RTC_Set) refers to rtc.o(.constdata) for mon_table
    touch.o(i.CT_IIC_Ack) refers to delay.o(i.delay_us) for delay_us
    touch.o(i.CT_IIC_NAck) refers to delay.o(i.delay_us) for delay_us
    touch.o(i.CT_IIC_Read_Byte) refers to delay.o(i.delay_us) for delay_us
    touch.o(i.CT_IIC_Read_Byte) refers to touch.o(i.CT_IIC_NAck) for CT_IIC_NAck
    touch.o(i.CT_IIC_Read_Byte) refers to touch.o(i.CT_IIC_Ack) for CT_IIC_Ack
    touch.o(i.CT_IIC_Send_Byte) refers to delay.o(i.delay_us) for delay_us
    touch.o(i.CT_IIC_Start) refers to delay.o(i.delay_us) for delay_us
    touch.o(i.CT_IIC_Stop) refers to delay.o(i.delay_us) for delay_us
    touch.o(i.CT_IIC_Wait_Ack) refers to delay.o(i.delay_us) for delay_us
    touch.o(i.CT_IIC_Wait_Ack) refers to touch.o(i.CT_IIC_Stop) for CT_IIC_Stop
    touch.o(i.GT9147_Init) refers to delay.o(i.delay_ms) for delay_ms
    touch.o(i.GT9147_Init) refers to touch.o(i.GT9147_WR_Reg) for GT9147_WR_Reg
    touch.o(i.GT9147_Init) refers to touch.o(i.GT9147_RD_Reg) for GT9147_RD_Reg
    touch.o(i.GT9147_RD_Reg) refers to touch.o(i.CT_IIC_Start) for CT_IIC_Start
    touch.o(i.GT9147_RD_Reg) refers to touch.o(i.CT_IIC_Send_Byte) for CT_IIC_Send_Byte
    touch.o(i.GT9147_RD_Reg) refers to touch.o(i.CT_IIC_Wait_Ack) for CT_IIC_Wait_Ack
    touch.o(i.GT9147_RD_Reg) refers to touch.o(i.CT_IIC_Read_Byte) for CT_IIC_Read_Byte
    touch.o(i.GT9147_RD_Reg) refers to touch.o(i.CT_IIC_Stop) for CT_IIC_Stop
    touch.o(i.GT9147_Scan) refers to touch.o(i.GT9147_RD_Reg) for GT9147_RD_Reg
    touch.o(i.GT9147_Scan) refers to touch.o(i.GT9147_WR_Reg) for GT9147_WR_Reg
    touch.o(i.GT9147_Scan) refers to touch.o(.data) for t
    touch.o(i.GT9147_Scan) refers to touch.o(.bss) for tp_dev
    touch.o(i.GT9147_Scan) refers to touch.o(.constdata) for GT9147_TPX_TBL
    touch.o(i.GT9147_Scan) refers to lcd.o(.bss) for lcddev
    touch.o(i.GT9147_Send_Cfg) refers to touch.o(i.GT9147_WR_Reg) for GT9147_WR_Reg
    touch.o(i.GT9147_Send_Cfg) refers to touch.o(.constdata) for GT9147_CFG_TBL
    touch.o(i.GT9147_WR_Reg) refers to touch.o(i.CT_IIC_Start) for CT_IIC_Start
    touch.o(i.GT9147_WR_Reg) refers to touch.o(i.CT_IIC_Send_Byte) for CT_IIC_Send_Byte
    touch.o(i.GT9147_WR_Reg) refers to touch.o(i.CT_IIC_Wait_Ack) for CT_IIC_Wait_Ack
    touch.o(i.GT9147_WR_Reg) refers to touch.o(i.CT_IIC_Stop) for CT_IIC_Stop
    touch.o(i.IIC_Ack) refers to delay.o(i.delay_us) for delay_us
    touch.o(i.IIC_NAck) refers to delay.o(i.delay_us) for delay_us
    touch.o(i.IIC_Read_Byte) refers to delay.o(i.delay_us) for delay_us
    touch.o(i.IIC_Read_Byte) refers to touch.o(i.IIC_NAck) for IIC_NAck
    touch.o(i.IIC_Read_Byte) refers to touch.o(i.IIC_Ack) for IIC_Ack
    touch.o(i.IIC_Send_Byte) refers to delay.o(i.delay_us) for delay_us
    touch.o(i.IIC_Start) refers to delay.o(i.delay_us) for delay_us
    touch.o(i.IIC_Stop) refers to delay.o(i.delay_us) for delay_us
    touch.o(i.IIC_Wait_Ack) refers to delay.o(i.delay_us) for delay_us
    touch.o(i.IIC_Wait_Ack) refers to touch.o(i.IIC_Stop) for IIC_Stop
    touch.o(i.TP_Write_Byte) refers to delay.o(i.delay_us) for delay_us
    usart.o(i.USART_SendStr) refers to usart.o(i.USART_PutChar) for USART_PutChar
    usart.o(i.uart_init) refers to ffltui.o(.text) for __aeabi_ui2f
    usart.o(i.uart_init) refers to fdiv.o(.text) for __aeabi_fdiv
    usart.o(i.uart_init) refers to ffixui.o(.text) for __aeabi_f2uiz
    usart.o(i.uart_init) refers to fadd.o(.text) for __aeabi_frsub
    usart.o(i.uart_init) refers to fmul.o(.text) for __aeabi_fmul
    usart.o(i.uart_init) refers to define.o(i.MY_NVIC_Init) for MY_NVIC_Init
    entry.o(.ARM.Collect$$$$00000000) refers (Special) to entry10a.o(.ARM.Collect$$$$0000000D) for __rt_final_cpp
    entry.o(.ARM.Collect$$$$00000000) refers (Special) to entry11a.o(.ARM.Collect$$$$0000000F) for __rt_final_exit
    entry.o(.ARM.Collect$$$$00000000) refers (Special) to entry7b.o(.ARM.Collect$$$$00000008) for _main_clock
    entry.o(.ARM.Collect$$$$00000000) refers (Special) to entry8b.o(.ARM.Collect$$$$0000000A) for _main_cpp_init
    entry.o(.ARM.Collect$$$$00000000) refers (Special) to entry9a.o(.ARM.Collect$$$$0000000B) for _main_init
    entry.o(.ARM.Collect$$$$00000000) refers (Special) to entry5.o(.ARM.Collect$$$$00000004) for _main_scatterload
    entry.o(.ARM.Collect$$$$00000000) refers (Special) to entry2.o(.ARM.Collect$$$$00000001) for _main_stk
    fadd.o(.text) refers (Special) to iusefp.o(.text) for __I$use$fp
    fadd.o(.text) refers to fepilogue.o(.text) for _float_epilogue
    fmul.o(.text) refers (Special) to iusefp.o(.text) for __I$use$fp
    fdiv.o(.text) refers (Special) to iusefp.o(.text) for __I$use$fp
    fdiv.o(.text) refers to fepilogue.o(.text) for _float_round
    ffltui.o(.text) refers (Special) to iusefp.o(.text) for __I$use$fp
    ffltui.o(.text) refers to fepilogue.o(.text) for _float_epilogue
    ffixui.o(.text) refers (Special) to iusefp.o(.text) for __I$use$fp
    entry2.o(.ARM.Collect$$$$00000001) refers to entry2.o(.ARM.Collect$$$$00002712) for __lit__00000000
    entry2.o(.ARM.Collect$$$$00002712) refers to startup_stm32f10x_hd.o(STACK) for __initial_sp
    entry2.o(__vectab_stack_and_reset_area) refers to startup_stm32f10x_hd.o(STACK) for __initial_sp
    entry2.o(__vectab_stack_and_reset_area) refers to entry.o(.ARM.Collect$$$$00000000) for __main
    entry5.o(.ARM.Collect$$$$00000004) refers to init.o(.text) for __scatterload
    entry9a.o(.ARM.Collect$$$$0000000B) refers to main.o(i.main) for main
    entry9b.o(.ARM.Collect$$$$0000000C) refers to main.o(i.main) for main
    init.o(.text) refers to entry5.o(.ARM.Collect$$$$00000004) for __main_after_scatterload


==============================================================================

Removing Unused input sections from the image.

    Removing startup_stm32f10x_hd.o(HEAP), (512 bytes).
    Removing lcd.o(i.LCD_RD_DATA), (20 bytes).
    Removing lcd.o(i.LCD_ReadReg), (22 bytes).
    Removing lcd.o(i.LCD_WriteRAM), (12 bytes).
    Removing rtc.o(i.RTC_SetCounter), (44 bytes).
    Removing touch.o(i.GT9147_Send_Cfg), (92 bytes).
    Removing touch.o(i.IIC_Ack), (80 bytes).
    Removing touch.o(i.IIC_NAck), (80 bytes).
    Removing touch.o(i.IIC_Read_Byte), (112 bytes).
    Removing touch.o(i.IIC_Send_Byte), (104 bytes).
    Removing touch.o(i.IIC_Start), (76 bytes).
    Removing touch.o(i.IIC_Stop), (76 bytes).
    Removing touch.o(i.IIC_Wait_Ack), (100 bytes).
    Removing touch.o(i.TP_Write_Byte), (76 bytes).

14 unused section(s) (total 1406 bytes) removed from the image.

==============================================================================

Image Symbol Table

    Local Symbols

    Symbol Name                              Value     Ov Type        Size  Object(Section)

    ../clib/microlib/init/entry.s            0x00000000   Number         0  entry2.o ABSOLUTE
    ../clib/microlib/init/entry.s            0x00000000   Number         0  entry5.o ABSOLUTE
    ../clib/microlib/init/entry.s            0x00000000   Number         0  entry11a.o ABSOLUTE
    ../clib/microlib/init/entry.s            0x00000000   Number         0  entry10b.o ABSOLUTE
    ../clib/microlib/init/entry.s            0x00000000   Number         0  entry10a.o ABSOLUTE
    ../clib/microlib/init/entry.s            0x00000000   Number         0  entry9b.o ABSOLUTE
    ../clib/microlib/init/entry.s            0x00000000   Number         0  entry9a.o ABSOLUTE
    ../clib/microlib/init/entry.s            0x00000000   Number         0  entry8b.o ABSOLUTE
    ../clib/microlib/init/entry.s            0x00000000   Number         0  entry8a.o ABSOLUTE
    ../clib/microlib/init/entry.s            0x00000000   Number         0  entry7b.o ABSOLUTE
    ../clib/microlib/init/entry.s            0x00000000   Number         0  entry7a.o ABSOLUTE
    ../clib/microlib/init/entry.s            0x00000000   Number         0  entry11b.o ABSOLUTE
    ../clib/microlib/init/entry.s            0x00000000   Number         0  entry.o ABSOLUTE
    ../clib/microlib/string/strlen.c         0x00000000   Number         0  strlen.o ABSOLUTE
    ../clib/microlib/stubs.s                 0x00000000   Number         0  iusefp.o ABSOLUTE
    ../fplib/microlib/fpadd.c                0x00000000   Number         0  fadd.o ABSOLUTE
    ../fplib/microlib/fpdiv.c                0x00000000   Number         0  fdiv.o ABSOLUTE
    ../fplib/microlib/fpepilogue.c           0x00000000   Number         0  fepilogue.o ABSOLUTE
    ../fplib/microlib/fpfix.c                0x00000000   Number         0  ffixui.o ABSOLUTE
    ../fplib/microlib/fpflt.c                0x00000000   Number         0  ffltui.o ABSOLUTE
    ../fplib/microlib/fpmul.c                0x00000000   Number         0  fmul.o ABSOLUTE
    Hardware\BEEP\beep.c                     0x00000000   Number         0  beep.o ABSOLUTE
    Hardware\KEY\key.c                       0x00000000   Number         0  key.o ABSOLUTE
    Hardware\LCD\lcd.c                       0x00000000   Number         0  lcd.o ABSOLUTE
    Hardware\LCD\touch.c                     0x00000000   Number         0  touch.o ABSOLUTE
    Hardware\LED\led.c                       0x00000000   Number         0  led.o ABSOLUTE
    Hardware\RTC\rtc.c                       0x00000000   Number         0  rtc.o ABSOLUTE
    Hardware\USART\usart.c                   0x00000000   Number         0  usart.o ABSOLUTE
    System\define.c                          0x00000000   Number         0  define.o ABSOLUTE
    System\delay.c                           0x00000000   Number         0  delay.o ABSOLUTE
    dc.s                                     0x00000000   Number         0  dc.o ABSOLUTE
    handlers.s                               0x00000000   Number         0  handlers.o ABSOLUTE
    init.s                                   0x00000000   Number         0  init.o ABSOLUTE
    main\main.c                              0x00000000   Number         0  main.o ABSOLUTE
    main\startup_stm32f10x_hd.s              0x00000000   Number         0  startup_stm32f10x_hd.o ABSOLUTE
    RESET                                    0x08000000   Section      304  startup_stm32f10x_hd.o(RESET)
    .ARM.Collect$$$$00000000                 0x08000130   Section        0  entry.o(.ARM.Collect$$$$00000000)
    .ARM.Collect$$$$00000001                 0x08000130   Section        4  entry2.o(.ARM.Collect$$$$00000001)
    .ARM.Collect$$$$00000004                 0x08000134   Section        4  entry5.o(.ARM.Collect$$$$00000004)
    .ARM.Collect$$$$00000008                 0x08000138   Section        0  entry7b.o(.ARM.Collect$$$$00000008)
    .ARM.Collect$$$$0000000A                 0x08000138   Section        0  entry8b.o(.ARM.Collect$$$$0000000A)
    .ARM.Collect$$$$0000000B                 0x08000138   Section        8  entry9a.o(.ARM.Collect$$$$0000000B)
    .ARM.Collect$$$$0000000D                 0x08000140   Section        0  entry10a.o(.ARM.Collect$$$$0000000D)
    .ARM.Collect$$$$0000000F                 0x08000140   Section        0  entry11a.o(.ARM.Collect$$$$0000000F)
    .ARM.Collect$$$$00002712                 0x08000140   Section        4  entry2.o(.ARM.Collect$$$$00002712)
    __lit__00000000                          0x08000140   Data           4  entry2.o(.ARM.Collect$$$$00002712)
    .text                                    0x08000144   Section       28  startup_stm32f10x_hd.o(.text)
    .text                                    0x08000160   Section        0  strlen.o(.text)
    .text                                    0x0800016e   Section        0  fadd.o(.text)
    .text                                    0x0800021e   Section        0  fmul.o(.text)
    .text                                    0x08000282   Section        0  fdiv.o(.text)
    .text                                    0x080002fe   Section        0  ffltui.o(.text)
    .text                                    0x08000308   Section        0  ffixui.o(.text)
    .text                                    0x08000330   Section        0  fepilogue.o(.text)
    .text                                    0x08000330   Section        0  iusefp.o(.text)
    .text                                    0x080003a0   Section       36  init.o(.text)
    i.BEEP_Init                              0x080003c4   Section        0  beep.o(i.BEEP_Init)
    i.CT_IIC_Ack                             0x080003fc   Section        0  touch.o(i.CT_IIC_Ack)
    i.CT_IIC_NAck                            0x08000454   Section        0  touch.o(i.CT_IIC_NAck)
    i.CT_IIC_Read_Byte                       0x080004ac   Section        0  touch.o(i.CT_IIC_Read_Byte)
    i.CT_IIC_Send_Byte                       0x0800051c   Section        0  touch.o(i.CT_IIC_Send_Byte)
    i.CT_IIC_Start                           0x08000584   Section        0  touch.o(i.CT_IIC_Start)
    i.CT_IIC_Stop                            0x080005d0   Section        0  touch.o(i.CT_IIC_Stop)
    i.CT_IIC_Wait_Ack                        0x0800061c   Section        0  touch.o(i.CT_IIC_Wait_Ack)
    i.Draw_UI                                0x08000684   Section        0  main.o(i.Draw_UI)
    i.GT9147_Init                            0x08000768   Section        0  touch.o(i.GT9147_Init)
    i.GT9147_RD_Reg                          0x08000888   Section        0  touch.o(i.GT9147_RD_Reg)
    i.GT9147_Scan                            0x080008ec   Section        0  touch.o(i.GT9147_Scan)
    i.GT9147_WR_Reg                          0x08000ad0   Section        0  touch.o(i.GT9147_WR_Reg)
    i.Is_Leap_Year                           0x08000b2c   Section        0  rtc.o(i.Is_Leap_Year)
    i.KEY_Init                               0x08000b68   Section        0  key.o(i.KEY_Init)
    i.KEY_Scan                               0x08000bc8   Section        0  key.o(i.KEY_Scan)
    i.Key_GetInput                           0x08000bdc   Section        0  main.o(i.Key_GetInput)
    i.Key_StateSet                           0x08000ccc   Section        0  main.o(i.Key_StateSet)
    i.LCD_Clear                              0x08000e80   Section        0  lcd.o(i.LCD_Clear)
    i.LCD_Display_Dir                        0x08000eb4   Section        0  lcd.o(i.LCD_Display_Dir)
    i.LCD_DrawLine                           0x08000f18   Section        0  lcd.o(i.LCD_DrawLine)
    i.LCD_DrawPoint                          0x08000fc8   Section        0  lcd.o(i.LCD_DrawPoint)
    i.LCD_DrawRectangle                      0x08000fec   Section        0  lcd.o(i.LCD_DrawRectangle)
    i.LCD_Fast_DrawPoint                     0x08001028   Section        0  lcd.o(i.LCD_Fast_DrawPoint)
    i.LCD_Fill                               0x08001084   Section        0  lcd.o(i.LCD_Fill)
    i.LCD_Init                               0x08001140   Section        0  lcd.o(i.LCD_Init)
    i.LCD_Pow                                0x080021bc   Section        0  lcd.o(i.LCD_Pow)
    i.LCD_Scan_Dir                           0x080021d4   Section        0  lcd.o(i.LCD_Scan_Dir)
    i.LCD_SetCursor                          0x080022d4   Section        0  lcd.o(i.LCD_SetCursor)
    i.LCD_ShowChar                           0x08002320   Section        0  lcd.o(i.LCD_ShowChar)
    i.LCD_ShowNum                            0x08002448   Section        0  lcd.o(i.LCD_ShowNum)
    i.LCD_ShowString                         0x080024dc   Section        0  lcd.o(i.LCD_ShowString)
    i.LCD_WR_DATA                            0x08002544   Section        0  lcd.o(i.LCD_WR_DATA)
    i.LCD_WR_REG                             0x08002550   Section        0  lcd.o(i.LCD_WR_REG)
    i.LCD_WriteRAM_Prepare                   0x0800255c   Section        0  lcd.o(i.LCD_WriteRAM_Prepare)
    i.LCD_WriteReg                           0x08002570   Section        0  lcd.o(i.LCD_WriteReg)
    i.LED_Init                               0x08002580   Section        0  led.o(i.LED_Init)
    i.MY_NVIC_Init                           0x080025f0   Section        0  define.o(i.MY_NVIC_Init)
    i.MY_NVIC_PriorityGroupConfig            0x08002668   Section        0  define.o(i.MY_NVIC_PriorityGroupConfig)
    i.RTC_Get                                0x08002690   Section        0  rtc.o(i.RTC_Get)
    i.RTC_GetCounter                         0x08002788   Section        0  rtc.o(i.RTC_GetCounter)
    i.RTC_IRQHandler                         0x0800279c   Section        0  rtc.o(i.RTC_IRQHandler)
    i.RTC_Init                               0x080027d0   Section        0  rtc.o(i.RTC_Init)
    i.RTC_Set                                0x08002950   Section        0  rtc.o(i.RTC_Set)
    i.Run_Beep                               0x08002a60   Section        0  beep.o(i.Run_Beep)
    i.Set_Alarm                              0x08002a8c   Section        0  main.o(i.Set_Alarm)
    i.ShowDate                               0x08002c70   Section        0  main.o(i.ShowDate)
    i.Show_ClockSetting                      0x08002ce4   Section        0  main.o(i.Show_ClockSetting)
    i.Show_Str_Mid                           0x08002d40   Section        0  lcd.o(i.Show_Str_Mid)
    i.Stm32_Clock_Init                       0x08002da8   Section        0  define.o(i.Stm32_Clock_Init)
    i.Stop_Beep                              0x08002e90   Section        0  beep.o(i.Stop_Beep)
    i.USART_PutChar                          0x08002e9c   Section        0  usart.o(i.USART_PutChar)
    i.USART_SendStr                          0x08002eb8   Section        0  usart.o(i.USART_SendStr)
    i.__scatterload_copy                     0x08002ed2   Section       14  handlers.o(i.__scatterload_copy)
    i.__scatterload_null                     0x08002ee0   Section        2  handlers.o(i.__scatterload_null)
    i.__scatterload_zeroinit                 0x08002ee2   Section       14  handlers.o(i.__scatterload_zeroinit)
    i.delay_init                             0x08002ef0   Section        0  delay.o(i.delay_init)
    i.delay_ms                               0x08002f30   Section        0  delay.o(i.delay_ms)
    i.delay_us                               0x08002f6c   Section        0  delay.o(i.delay_us)
    i.main                                   0x08002fa8   Section        0  main.o(i.main)
    i.uart_init                              0x080031fc   Section        0  usart.o(i.uart_init)
    .constdata                               0x080032d8   Section     6080  lcd.o(.constdata)
    .constdata                               0x08004a98   Section       12  rtc.o(.constdata)
    .constdata                               0x08004aa4   Section      194  touch.o(.constdata)
    .conststring                             0x08004b68   Section       63  main.o(.conststring)
    .data                                    0x20000000   Section       45  main.o(.data)
    AlarmTime                                0x20000024   Data           4  main.o(.data)
    hour                                     0x20000028   Data           1  main.o(.data)
    min                                      0x20000029   Data           1  main.o(.data)
    sec                                      0x2000002a   Data           1  main.o(.data)
    AlarmCount                               0x2000002b   Data           1  main.o(.data)
    key1                                     0x2000002c   Data           1  main.o(.data)
    .data                                    0x2000002e   Section        4  delay.o(.data)
    fac_us                                   0x2000002e   Data           1  delay.o(.data)
    fac_ms                                   0x20000030   Data           2  delay.o(.data)
    .data                                    0x20000032   Section        4  lcd.o(.data)
    .data                                    0x20000036   Section       10  rtc.o(.data)
    daycnt                                   0x2000003e   Data           2  rtc.o(.data)
    .data                                    0x20000040   Section        1  touch.o(.data)
    t                                        0x20000040   Data           1  touch.o(.data)
    .bss                                     0x20000044   Section       40  main.o(.bss)
    AlarmClocks                              0x20000044   Data          40  main.o(.bss)
    .bss                                     0x2000006c   Section       14  lcd.o(.bss)
    .bss                                     0x2000007a   Section       22  touch.o(.bss)
    STACK                                    0x20000090   Section     1024  startup_stm32f10x_hd.o(STACK)

    Global Symbols

    Symbol Name                              Value     Ov Type        Size  Object(Section)

    BuildAttributes$$THM_ISAv4$P$D$K$B$S$PE$A:L22UL41UL21$X:L11$S22US41US21$IEEE1$IW$USESV6$~STKCKD$USESV7$~SHL$OTIME$ROPI$EBA8$MICROLIB$REQ8$PRES8$EABIv2 0x00000000   Number         0  anon$$obj.o ABSOLUTE
    __ARM_use_no_argv                        0x00000000   Number         0  main.o ABSOLUTE
    __cpp_initialize__aeabi_                  - Undefined Weak Reference
    __cxa_finalize                            - Undefined Weak Reference
    __decompress                              - Undefined Weak Reference
    _clock_init                               - Undefined Weak Reference
    _microlib_exit                            - Undefined Weak Reference
    __Vectors_Size                           0x00000130   Number         0  startup_stm32f10x_hd.o ABSOLUTE
    __Vectors                                0x08000000   Data           4  startup_stm32f10x_hd.o(RESET)
    __Vectors_End                            0x08000130   Data           0  startup_stm32f10x_hd.o(RESET)
    __main                                   0x08000131   Thumb Code     0  entry.o(.ARM.Collect$$$$00000000)
    _main_stk                                0x08000131   Thumb Code     0  entry2.o(.ARM.Collect$$$$00000001)
    _main_scatterload                        0x08000135   Thumb Code     0  entry5.o(.ARM.Collect$$$$00000004)
    __main_after_scatterload                 0x08000139   Thumb Code     0  entry5.o(.ARM.Collect$$$$00000004)
    _main_clock                              0x08000139   Thumb Code     0  entry7b.o(.ARM.Collect$$$$00000008)
    _main_cpp_init                           0x08000139   Thumb Code     0  entry8b.o(.ARM.Collect$$$$0000000A)
    _main_init                               0x08000139   Thumb Code     0  entry9a.o(.ARM.Collect$$$$0000000B)
    __rt_final_cpp                           0x08000141   Thumb Code     0  entry10a.o(.ARM.Collect$$$$0000000D)
    __rt_final_exit                          0x08000141   Thumb Code     0  entry11a.o(.ARM.Collect$$$$0000000F)
    Reset_Handler                            0x08000145   Thumb Code     4  startup_stm32f10x_hd.o(.text)
    NMI_Handler                              0x08000149   Thumb Code     2  startup_stm32f10x_hd.o(.text)
    HardFault_Handler                        0x0800014b   Thumb Code     2  startup_stm32f10x_hd.o(.text)
    MemManage_Handler                        0x0800014d   Thumb Code     2  startup_stm32f10x_hd.o(.text)
    BusFault_Handler                         0x0800014f   Thumb Code     2  startup_stm32f10x_hd.o(.text)
    UsageFault_Handler                       0x08000151   Thumb Code     2  startup_stm32f10x_hd.o(.text)
    SVC_Handler                              0x08000153   Thumb Code     2  startup_stm32f10x_hd.o(.text)
    DebugMon_Handler                         0x08000155   Thumb Code     2  startup_stm32f10x_hd.o(.text)
    PendSV_Handler                           0x08000157   Thumb Code     2  startup_stm32f10x_hd.o(.text)
    SysTick_Handler                          0x08000159   Thumb Code     2  startup_stm32f10x_hd.o(.text)
    ADC1_2_IRQHandler                        0x0800015b   Thumb Code     0  startup_stm32f10x_hd.o(.text)
    ADC3_IRQHandler                          0x0800015b   Thumb Code     0  startup_stm32f10x_hd.o(.text)
    CAN1_RX1_IRQHandler                      0x0800015b   Thumb Code     0  startup_stm32f10x_hd.o(.text)
    CAN1_SCE_IRQHandler                      0x0800015b   Thumb Code     0  startup_stm32f10x_hd.o(.text)
    DMA1_Channel1_IRQHandler                 0x0800015b   Thumb Code     0  startup_stm32f10x_hd.o(.text)
    DMA1_Channel2_IRQHandler                 0x0800015b   Thumb Code     0  startup_stm32f10x_hd.o(.text)
    DMA1_Channel3_IRQHandler                 0x0800015b   Thumb Code     0  startup_stm32f10x_hd.o(.text)
    DMA1_Channel4_IRQHandler                 0x0800015b   Thumb Code     0  startup_stm32f10x_hd.o(.text)
    DMA1_Channel5_IRQHandler                 0x0800015b   Thumb Code     0  startup_stm32f10x_hd.o(.text)
    DMA1_Channel6_IRQHandler                 0x0800015b   Thumb Code     0  startup_stm32f10x_hd.o(.text)
    DMA1_Channel7_IRQHandler                 0x0800015b   Thumb Code     0  startup_stm32f10x_hd.o(.text)
    DMA2_Channel1_IRQHandler                 0x0800015b   Thumb Code     0  startup_stm32f10x_hd.o(.text)
    DMA2_Channel2_IRQHandler                 0x0800015b   Thumb Code     0  startup_stm32f10x_hd.o(.text)
    DMA2_Channel3_IRQHandler                 0x0800015b   Thumb Code     0  startup_stm32f10x_hd.o(.text)
    DMA2_Channel4_5_IRQHandler               0x0800015b   Thumb Code     0  startup_stm32f10x_hd.o(.text)
    EXTI0_IRQHandler                         0x0800015b   Thumb Code     0  startup_stm32f10x_hd.o(.text)
    EXTI15_10_IRQHandler                     0x0800015b   Thumb Code     0  startup_stm32f10x_hd.o(.text)
    EXTI1_IRQHandler                         0x0800015b   Thumb Code     0  startup_stm32f10x_hd.o(.text)
    EXTI2_IRQHandler                         0x0800015b   Thumb Code     0  startup_stm32f10x_hd.o(.text)
    EXTI3_IRQHandler                         0x0800015b   Thumb Code     0  startup_stm32f10x_hd.o(.text)
    EXTI4_IRQHandler                         0x0800015b   Thumb Code     0  startup_stm32f10x_hd.o(.text)
    EXTI9_5_IRQHandler                       0x0800015b   Thumb Code     0  startup_stm32f10x_hd.o(.text)
    FLASH_IRQHandler                         0x0800015b   Thumb Code     0  startup_stm32f10x_hd.o(.text)
    FSMC_IRQHandler                          0x0800015b   Thumb Code     0  startup_stm32f10x_hd.o(.text)
    I2C1_ER_IRQHandler                       0x0800015b   Thumb Code     0  startup_stm32f10x_hd.o(.text)
    I2C1_EV_IRQHandler                       0x0800015b   Thumb Code     0  startup_stm32f10x_hd.o(.text)
    I2C2_ER_IRQHandler                       0x0800015b   Thumb Code     0  startup_stm32f10x_hd.o(.text)
    I2C2_EV_IRQHandler                       0x0800015b   Thumb Code     0  startup_stm32f10x_hd.o(.text)
    PVD_IRQHandler                           0x0800015b   Thumb Code     0  startup_stm32f10x_hd.o(.text)
    RCC_IRQHandler                           0x0800015b   Thumb Code     0  startup_stm32f10x_hd.o(.text)
    RTCAlarm_IRQHandler                      0x0800015b   Thumb Code     0  startup_stm32f10x_hd.o(.text)
    SDIO_IRQHandler                          0x0800015b   Thumb Code     0  startup_stm32f10x_hd.o(.text)
    SPI1_IRQHandler                          0x0800015b   Thumb Code     0  startup_stm32f10x_hd.o(.text)
    SPI2_IRQHandler                          0x0800015b   Thumb Code     0  startup_stm32f10x_hd.o(.text)
    SPI3_IRQHandler                          0x0800015b   Thumb Code     0  startup_stm32f10x_hd.o(.text)
    TAMPER_IRQHandler                        0x0800015b   Thumb Code     0  startup_stm32f10x_hd.o(.text)
    TIM1_BRK_IRQHandler                      0x0800015b   Thumb Code     0  startup_stm32f10x_hd.o(.text)
    TIM1_CC_IRQHandler                       0x0800015b   Thumb Code     0  startup_stm32f10x_hd.o(.text)
    TIM1_TRG_COM_IRQHandler                  0x0800015b   Thumb Code     0  startup_stm32f10x_hd.o(.text)
    TIM1_UP_IRQHandler                       0x0800015b   Thumb Code     0  startup_stm32f10x_hd.o(.text)
    TIM2_IRQHandler                          0x0800015b   Thumb Code     0  startup_stm32f10x_hd.o(.text)
    TIM3_IRQHandler                          0x0800015b   Thumb Code     0  startup_stm32f10x_hd.o(.text)
    TIM4_IRQHandler                          0x0800015b   Thumb Code     0  startup_stm32f10x_hd.o(.text)
    TIM5_IRQHandler                          0x0800015b   Thumb Code     0  startup_stm32f10x_hd.o(.text)
    TIM6_IRQHandler                          0x0800015b   Thumb Code     0  startup_stm32f10x_hd.o(.text)
    TIM7_IRQHandler                          0x0800015b   Thumb Code     0  startup_stm32f10x_hd.o(.text)
    TIM8_BRK_IRQHandler                      0x0800015b   Thumb Code     0  startup_stm32f10x_hd.o(.text)
    TIM8_CC_IRQHandler                       0x0800015b   Thumb Code     0  startup_stm32f10x_hd.o(.text)
    TIM8_TRG_COM_IRQHandler                  0x0800015b   Thumb Code     0  startup_stm32f10x_hd.o(.text)
    TIM8_UP_IRQHandler                       0x0800015b   Thumb Code     0  startup_stm32f10x_hd.o(.text)
    UART4_IRQHandler                         0x0800015b   Thumb Code     0  startup_stm32f10x_hd.o(.text)
    UART5_IRQHandler                         0x0800015b   Thumb Code     0  startup_stm32f10x_hd.o(.text)
    USART1_IRQHandler                        0x0800015b   Thumb Code     0  startup_stm32f10x_hd.o(.text)
    USART2_IRQHandler                        0x0800015b   Thumb Code     0  startup_stm32f10x_hd.o(.text)
    USART3_IRQHandler                        0x0800015b   Thumb Code     0  startup_stm32f10x_hd.o(.text)
    USBWakeUp_IRQHandler                     0x0800015b   Thumb Code     0  startup_stm32f10x_hd.o(.text)
    USB_HP_CAN1_TX_IRQHandler                0x0800015b   Thumb Code     0  startup_stm32f10x_hd.o(.text)
    USB_LP_CAN1_RX0_IRQHandler               0x0800015b   Thumb Code     0  startup_stm32f10x_hd.o(.text)
    WWDG_IRQHandler                          0x0800015b   Thumb Code     0  startup_stm32f10x_hd.o(.text)
    strlen                                   0x08000161   Thumb Code    14  strlen.o(.text)
    __aeabi_fadd                             0x0800016f   Thumb Code   164  fadd.o(.text)
    __aeabi_fsub                             0x08000213   Thumb Code     6  fadd.o(.text)
    __aeabi_frsub                            0x08000219   Thumb Code     6  fadd.o(.text)
    __aeabi_fmul                             0x0800021f   Thumb Code   100  fmul.o(.text)
    __aeabi_fdiv                             0x08000283   Thumb Code   124  fdiv.o(.text)
    __aeabi_ui2f                             0x080002ff   Thumb Code    10  ffltui.o(.text)
    __aeabi_f2uiz                            0x08000309   Thumb Code    40  ffixui.o(.text)
    __I$use$fp                               0x08000331   Thumb Code     0  iusefp.o(.text)
    _float_round                             0x08000331   Thumb Code    18  fepilogue.o(.text)
    _float_epilogue                          0x08000343   Thumb Code    92  fepilogue.o(.text)
    __scatterload                            0x080003a1   Thumb Code    28  init.o(.text)
    __scatterload_rt2                        0x080003a1   Thumb Code     0  init.o(.text)
    BEEP_Init                                0x080003c5   Thumb Code    42  beep.o(i.BEEP_Init)
    CT_IIC_Ack                               0x080003fd   Thumb Code    72  touch.o(i.CT_IIC_Ack)
    CT_IIC_NAck                              0x08000455   Thumb Code    72  touch.o(i.CT_IIC_NAck)
    CT_IIC_Read_Byte                         0x080004ad   Thumb Code    96  touch.o(i.CT_IIC_Read_Byte)
    CT_IIC_Send_Byte                         0x0800051d   Thumb Code    88  touch.o(i.CT_IIC_Send_Byte)
    CT_IIC_Start                             0x08000585   Thumb Code    64  touch.o(i.CT_IIC_Start)
    CT_IIC_Stop                              0x080005d1   Thumb Code    58  touch.o(i.CT_IIC_Stop)
    CT_IIC_Wait_Ack                          0x0800061d   Thumb Code    86  touch.o(i.CT_IIC_Wait_Ack)
    Draw_UI                                  0x08000685   Thumb Code   210  main.o(i.Draw_UI)
    GT9147_Init                              0x08000769   Thumb Code   266  touch.o(i.GT9147_Init)
    GT9147_RD_Reg                            0x08000889   Thumb Code    98  touch.o(i.GT9147_RD_Reg)
    GT9147_Scan                              0x080008ed   Thumb Code   468  touch.o(i.GT9147_Scan)
    GT9147_WR_Reg                            0x08000ad1   Thumb Code    92  touch.o(i.GT9147_WR_Reg)
    Is_Leap_Year                             0x08000b2d   Thumb Code    58  rtc.o(i.Is_Leap_Year)
    KEY_Init                                 0x08000b69   Thumb Code    84  key.o(i.KEY_Init)
    KEY_Scan                                 0x08000bc9   Thumb Code    14  key.o(i.KEY_Scan)
    Key_GetInput                             0x08000bdd   Thumb Code   224  main.o(i.Key_GetInput)
    Key_StateSet                             0x08000ccd   Thumb Code   422  main.o(i.Key_StateSet)
    LCD_Clear                                0x08000e81   Thumb Code    42  lcd.o(i.LCD_Clear)
    LCD_Display_Dir                          0x08000eb5   Thumb Code    94  lcd.o(i.LCD_Display_Dir)
    LCD_DrawLine                             0x08000f19   Thumb Code   176  lcd.o(i.LCD_DrawLine)
    LCD_DrawPoint                            0x08000fc9   Thumb Code    28  lcd.o(i.LCD_DrawPoint)
    LCD_DrawRectangle                        0x08000fed   Thumb Code    60  lcd.o(i.LCD_DrawRectangle)
    LCD_Fast_DrawPoint                       0x08001029   Thumb Code    84  lcd.o(i.LCD_Fast_DrawPoint)
    LCD_Fill                                 0x08001085   Thumb Code   178  lcd.o(i.LCD_Fill)
    LCD_Init                                 0x08001141   Thumb Code  4216  lcd.o(i.LCD_Init)
    LCD_Pow                                  0x080021bd   Thumb Code    22  lcd.o(i.LCD_Pow)
    LCD_Scan_Dir                             0x080021d5   Thumb Code   250  lcd.o(i.LCD_Scan_Dir)
    LCD_SetCursor                            0x080022d5   Thumb Code    72  lcd.o(i.LCD_SetCursor)
    LCD_ShowChar                             0x08002321   Thumb Code   272  lcd.o(i.LCD_ShowChar)
    LCD_ShowNum                              0x08002449   Thumb Code   148  lcd.o(i.LCD_ShowNum)
    LCD_ShowString                           0x080024dd   Thumb Code   102  lcd.o(i.LCD_ShowString)
    LCD_WR_DATA                              0x08002545   Thumb Code     6  lcd.o(i.LCD_WR_DATA)
    LCD_WR_REG                               0x08002551   Thumb Code     6  lcd.o(i.LCD_WR_REG)
    LCD_WriteRAM_Prepare                     0x0800255d   Thumb Code    10  lcd.o(i.LCD_WriteRAM_Prepare)
    LCD_WriteReg                             0x08002571   Thumb Code    10  lcd.o(i.LCD_WriteReg)
    LED_Init                                 0x08002581   Thumb Code   100  led.o(i.LED_Init)
    MY_NVIC_Init                             0x080025f1   Thumb Code   116  define.o(i.MY_NVIC_Init)
    MY_NVIC_PriorityGroupConfig              0x08002669   Thumb Code    32  define.o(i.MY_NVIC_PriorityGroupConfig)
    RTC_Get                                  0x08002691   Thumb Code   226  rtc.o(i.RTC_Get)
    RTC_GetCounter                           0x08002789   Thumb Code    16  rtc.o(i.RTC_GetCounter)
    RTC_IRQHandler                           0x0800279d   Thumb Code    46  rtc.o(i.RTC_IRQHandler)
    RTC_Init                                 0x080027d1   Thumb Code   366  rtc.o(i.RTC_Init)
    RTC_Set                                  0x08002951   Thumb Code   242  rtc.o(i.RTC_Set)
    Run_Beep                                 0x08002a61   Thumb Code    34  beep.o(i.Run_Beep)
    Set_Alarm                                0x08002a8d   Thumb Code   406  main.o(i.Set_Alarm)
    ShowDate                                 0x08002c71   Thumb Code   112  main.o(i.ShowDate)
    Show_ClockSetting                        0x08002ce5   Thumb Code    80  main.o(i.Show_ClockSetting)
    Show_Str_Mid                             0x08002d41   Thumb Code    98  lcd.o(i.Show_Str_Mid)
    Stm32_Clock_Init                         0x08002da9   Thumb Code   210  define.o(i.Stm32_Clock_Init)
    Stop_Beep                                0x08002e91   Thumb Code     8  beep.o(i.Stop_Beep)
    USART_PutChar                            0x08002e9d   Thumb Code    22  usart.o(i.USART_PutChar)
    USART_SendStr                            0x08002eb9   Thumb Code    26  usart.o(i.USART_SendStr)
    __scatterload_copy                       0x08002ed3   Thumb Code    14  handlers.o(i.__scatterload_copy)
    __scatterload_null                       0x08002ee1   Thumb Code     2  handlers.o(i.__scatterload_null)
    __scatterload_zeroinit                   0x08002ee3   Thumb Code    14  handlers.o(i.__scatterload_zeroinit)
    delay_init                               0x08002ef1   Thumb Code    56  delay.o(i.delay_init)
    delay_ms                                 0x08002f31   Thumb Code    56  delay.o(i.delay_ms)
    delay_us                                 0x08002f6d   Thumb Code    56  delay.o(i.delay_us)
    main                                     0x08002fa9   Thumb Code   446  main.o(i.main)
    uart_init                                0x080031fd   Thumb Code   202  usart.o(i.uart_init)
    asc2_1206                                0x080032d8   Data        1140  lcd.o(.constdata)
    asc2_1608                                0x0800374c   Data        1520  lcd.o(.constdata)
    asc2_2412                                0x08003d3c   Data        3420  lcd.o(.constdata)
    mon_table                                0x08004a98   Data          12  rtc.o(.constdata)
    GT9147_CFG_TBL                           0x08004aa4   Data         184  touch.o(.constdata)
    GT9147_TPX_TBL                           0x08004b5c   Data          10  touch.o(.constdata)
    Region$$Table$$Base                      0x08004ba8   Number         0  anon$$obj.o(Region$$Table)
    Region$$Table$$Limit                     0x08004bc8   Number         0  anon$$obj.o(Region$$Table)
    TimeMode                                 0x20000000   Data           8  main.o(.data)
    kbdSizeX                                 0x20000008   Data           2  main.o(.data)
    kbdSizeY                                 0x2000000a   Data           2  main.o(.data)
    kb_str                                   0x2000000c   Data          24  main.o(.data)
    POINT_COLOR                              0x20000032   Data           2  lcd.o(.data)
    BACK_COLOR                               0x20000034   Data           2  lcd.o(.data)
    calendar                                 0x20000036   Data           8  rtc.o(.data)
    lcddev                                   0x2000006c   Data          14  lcd.o(.bss)
    tp_dev                                   0x2000007a   Data          22  touch.o(.bss)
    __initial_sp                             0x20000490   Data           0  startup_stm32f10x_hd.o(STACK)



==============================================================================

Memory Map of the image

  Image Entry point : 0x08000131

  Load Region LR_IROM1 (Base: 0x08000000, Size: 0x00004c0c, Max: 0x00080000, ABSOLUTE)

    Execution Region ER_IROM1 (Base: 0x08000000, Size: 0x00004bc8, Max: 0x00080000, ABSOLUTE)

    Base Addr    Size         Type   Attr      Idx    E Section Name        Object

    0x08000000   0x00000130   Data   RO            3    RESET               startup_stm32f10x_hd.o
    0x08000130   0x00000000   Code   RO          600  * .ARM.Collect$$$$00000000  mc_w.l(entry.o)
    0x08000130   0x00000004   Code   RO          615    .ARM.Collect$$$$00000001  mc_w.l(entry2.o)
    0x08000134   0x00000004   Code   RO          618    .ARM.Collect$$$$00000004  mc_w.l(entry5.o)
    0x08000138   0x00000000   Code   RO          620    .ARM.Collect$$$$00000008  mc_w.l(entry7b.o)
    0x08000138   0x00000000   Code   RO          622    .ARM.Collect$$$$0000000A  mc_w.l(entry8b.o)
    0x08000138   0x00000008   Code   RO          623    .ARM.Collect$$$$0000000B  mc_w.l(entry9a.o)
    0x08000140   0x00000000   Code   RO          625    .ARM.Collect$$$$0000000D  mc_w.l(entry10a.o)
    0x08000140   0x00000000   Code   RO          627    .ARM.Collect$$$$0000000F  mc_w.l(entry11a.o)
    0x08000140   0x00000004   Code   RO          616    .ARM.Collect$$$$00002712  mc_w.l(entry2.o)
    0x08000144   0x0000001c   Code   RO            4    .text               startup_stm32f10x_hd.o
    0x08000160   0x0000000e   Code   RO          603    .text               mc_w.l(strlen.o)
    0x0800016e   0x000000b0   Code   RO          605    .text               mf_w.l(fadd.o)
    0x0800021e   0x00000064   Code   RO          607    .text               mf_w.l(fmul.o)
    0x08000282   0x0000007c   Code   RO          609    .text               mf_w.l(fdiv.o)
    0x080002fe   0x0000000a   Code   RO          611    .text               mf_w.l(ffltui.o)
    0x08000308   0x00000028   Code   RO          613    .text               mf_w.l(ffixui.o)
    0x08000330   0x00000000   Code   RO          629    .text               mc_w.l(iusefp.o)
    0x08000330   0x0000006e   Code   RO          630    .text               mf_w.l(fepilogue.o)
    0x0800039e   0x00000002   PAD
    0x080003a0   0x00000024   Code   RO          632    .text               mc_w.l(init.o)
    0x080003c4   0x00000038   Code   RO          172    i.BEEP_Init         beep.o
    0x080003fc   0x00000058   Code   RO          403    i.CT_IIC_Ack        touch.o
    0x08000454   0x00000058   Code   RO          404    i.CT_IIC_NAck       touch.o
    0x080004ac   0x00000070   Code   RO          405    i.CT_IIC_Read_Byte  touch.o
    0x0800051c   0x00000068   Code   RO          406    i.CT_IIC_Send_Byte  touch.o
    0x08000584   0x0000004c   Code   RO          407    i.CT_IIC_Start      touch.o
    0x080005d0   0x0000004c   Code   RO          408    i.CT_IIC_Stop       touch.o
    0x0800061c   0x00000068   Code   RO          409    i.CT_IIC_Wait_Ack   touch.o
    0x08000684   0x000000e4   Code   RO           10    i.Draw_UI           main.o
    0x08000768   0x00000120   Code   RO          410    i.GT9147_Init       touch.o
    0x08000888   0x00000062   Code   RO          411    i.GT9147_RD_Reg     touch.o
    0x080008ea   0x00000002   PAD
    0x080008ec   0x000001e4   Code   RO          412    i.GT9147_Scan       touch.o
    0x08000ad0   0x0000005c   Code   RO          414    i.GT9147_WR_Reg     touch.o
    0x08000b2c   0x0000003a   Code   RO          348    i.Is_Leap_Year      rtc.o
    0x08000b66   0x00000002   PAD
    0x08000b68   0x00000060   Code   RO          548    i.KEY_Init          key.o
    0x08000bc8   0x00000014   Code   RO          549    i.KEY_Scan          key.o
    0x08000bdc   0x000000f0   Code   RO           11    i.Key_GetInput      main.o
    0x08000ccc   0x000001b4   Code   RO           12    i.Key_StateSet      main.o
    0x08000e80   0x00000034   Code   RO          199    i.LCD_Clear         lcd.o
    0x08000eb4   0x00000064   Code   RO          200    i.LCD_Display_Dir   lcd.o
    0x08000f18   0x000000b0   Code   RO          201    i.LCD_DrawLine      lcd.o
    0x08000fc8   0x00000024   Code   RO          202    i.LCD_DrawPoint     lcd.o
    0x08000fec   0x0000003c   Code   RO          203    i.LCD_DrawRectangle  lcd.o
    0x08001028   0x0000005c   Code   RO          204    i.LCD_Fast_DrawPoint  lcd.o
    0x08001084   0x000000bc   Code   RO          205    i.LCD_Fill          lcd.o
    0x08001140   0x0000107c   Code   RO          206    i.LCD_Init          lcd.o
    0x080021bc   0x00000016   Code   RO          207    i.LCD_Pow           lcd.o
    0x080021d2   0x00000002   PAD
    0x080021d4   0x00000100   Code   RO          210    i.LCD_Scan_Dir      lcd.o
    0x080022d4   0x0000004c   Code   RO          211    i.LCD_SetCursor     lcd.o
    0x08002320   0x00000128   Code   RO          212    i.LCD_ShowChar      lcd.o
    0x08002448   0x00000094   Code   RO          213    i.LCD_ShowNum       lcd.o
    0x080024dc   0x00000066   Code   RO          214    i.LCD_ShowString    lcd.o
    0x08002542   0x00000002   PAD
    0x08002544   0x0000000c   Code   RO          215    i.LCD_WR_DATA       lcd.o
    0x08002550   0x0000000c   Code   RO          216    i.LCD_WR_REG        lcd.o
    0x0800255c   0x00000014   Code   RO          218    i.LCD_WriteRAM_Prepare  lcd.o
    0x08002570   0x00000010   Code   RO          219    i.LCD_WriteReg      lcd.o
    0x08002580   0x00000070   Code   RO          157    i.LED_Init          led.o
    0x080025f0   0x00000078   Code   RO          133    i.MY_NVIC_Init      define.o
    0x08002668   0x00000028   Code   RO          134    i.MY_NVIC_PriorityGroupConfig  define.o
    0x08002690   0x000000f8   Code   RO          349    i.RTC_Get           rtc.o
    0x08002788   0x00000014   Code   RO          350    i.RTC_GetCounter    rtc.o
    0x0800279c   0x00000034   Code   RO          351    i.RTC_IRQHandler    rtc.o
    0x080027d0   0x00000180   Code   RO          352    i.RTC_Init          rtc.o
    0x08002950   0x00000110   Code   RO          353    i.RTC_Set           rtc.o
    0x08002a60   0x0000002c   Code   RO          173    i.Run_Beep          beep.o
    0x08002a8c   0x000001e4   Code   RO           13    i.Set_Alarm         main.o
    0x08002c70   0x00000074   Code   RO           14    i.ShowDate          main.o
    0x08002ce4   0x0000005c   Code   RO           15    i.Show_ClockSetting  main.o
    0x08002d40   0x00000068   Code   RO          220    i.Show_Str_Mid      lcd.o
    0x08002da8   0x000000e8   Code   RO          135    i.Stm32_Clock_Init  define.o
    0x08002e90   0x0000000c   Code   RO          174    i.Stop_Beep         beep.o
    0x08002e9c   0x0000001c   Code   RO          569    i.USART_PutChar     usart.o
    0x08002eb8   0x0000001a   Code   RO          570    i.USART_SendStr     usart.o
    0x08002ed2   0x0000000e   Code   RO          636    i.__scatterload_copy  mc_w.l(handlers.o)
    0x08002ee0   0x00000002   Code   RO          637    i.__scatterload_null  mc_w.l(handlers.o)
    0x08002ee2   0x0000000e   Code   RO          638    i.__scatterload_zeroinit  mc_w.l(handlers.o)
    0x08002ef0   0x00000040   Code   RO          101    i.delay_init        delay.o
    0x08002f30   0x0000003c   Code   RO          102    i.delay_ms          delay.o
    0x08002f6c   0x0000003c   Code   RO          103    i.delay_us          delay.o
    0x08002fa8   0x00000254   Code   RO           16    i.main              main.o
    0x080031fc   0x000000dc   Code   RO          571    i.uart_init         usart.o
    0x080032d8   0x000017c0   Data   RO          222    .constdata          lcd.o
    0x08004a98   0x0000000c   Data   RO          355    .constdata          rtc.o
    0x08004aa4   0x000000c2   Data   RO          424    .constdata          touch.o
    0x08004b66   0x00000002   PAD
    0x08004b68   0x0000003f   Data   RO           18    .conststring        main.o
    0x08004ba7   0x00000001   PAD
    0x08004ba8   0x00000020   Data   RO          634    Region$$Table       anon$$obj.o


    Execution Region RW_IRAM1 (Base: 0x20000000, Size: 0x00000490, Max: 0x00010000, ABSOLUTE)

    Base Addr    Size         Type   Attr      Idx    E Section Name        Object

    0x20000000   0x0000002d   Data   RW           19    .data               main.o
    0x2000002d   0x00000001   PAD
    0x2000002e   0x00000004   Data   RW          104    .data               delay.o
    0x20000032   0x00000004   Data   RW          223    .data               lcd.o
    0x20000036   0x0000000a   Data   RW          356    .data               rtc.o
    0x20000040   0x00000001   Data   RW          425    .data               touch.o
    0x20000041   0x00000003   PAD
    0x20000044   0x00000028   Zero   RW           17    .bss                main.o
    0x2000006c   0x0000000e   Zero   RW          221    .bss                lcd.o
    0x2000007a   0x00000016   Zero   RW          423    .bss                touch.o
    0x20000090   0x00000400   Zero   RW            1    STACK               startup_stm32f10x_hd.o


==============================================================================

Image component sizes


      Code (inc. data)   RO Data    RW Data    ZI Data      Debug   Object Name

       112         28          0          0          0       1319   beep.o
       392         34          0          0          0       1800   define.o
       184         16          0          4          0       9419   delay.o
       116         18          0          0          0        918   key.o
      5988        154       6080          4         14      15537   lcd.o
       112         12          0          0          0        451   led.o
      2192        298         63         45         40      14550   main.o
      1034         80         12         10          0       4857   rtc.o
        28          4        304          0       1024        824   startup_stm32f10x_hd.o
      1610        150        194          1         22       8495   touch.o
       274         24          0          0          0       2048   usart.o

    ----------------------------------------------------------------------
     12050        818       6688         68       1100      60218   Object Totals
         0          0         32          0          0          0   (incl. Generated)
         8          0          3          4          0          0   (incl. Padding)

    ----------------------------------------------------------------------

      Code (inc. data)   RO Data    RW Data    ZI Data      Debug   Library Member Name

         0          0          0          0          0          0   entry.o
         0          0          0          0          0          0   entry10a.o
         0          0          0          0          0          0   entry11a.o
         8          4          0          0          0          0   entry2.o
         4          0          0          0          0          0   entry5.o
         0          0          0          0          0          0   entry7b.o
         0          0          0          0          0          0   entry8b.o
         8          4          0          0          0          0   entry9a.o
        30          0          0          0          0          0   handlers.o
        36          8          0          0          0         68   init.o
         0          0          0          0          0          0   iusefp.o
        14          0          0          0          0         68   strlen.o
       176          0          0          0          0        140   fadd.o
       124          0          0          0          0         88   fdiv.o
       110          0          0          0          0        168   fepilogue.o
        40          0          0          0          0         68   ffixui.o
        10          0          0          0          0         68   ffltui.o
       100          0          0          0          0         76   fmul.o

    ----------------------------------------------------------------------
       662         16          0          0          0        744   Library Totals
         2          0          0          0          0          0   (incl. Padding)

    ----------------------------------------------------------------------

      Code (inc. data)   RO Data    RW Data    ZI Data      Debug   Library Name

       100         16          0          0          0        136   mc_w.l
       560          0          0          0          0        608   mf_w.l

    ----------------------------------------------------------------------
       662         16          0          0          0        744   Library Totals

    ----------------------------------------------------------------------

==============================================================================


      Code (inc. data)   RO Data    RW Data    ZI Data      Debug   

     12712        834       6688         68       1100      58046   Grand Totals
     12712        834       6688         68       1100      58046   ELF Image Totals
     12712        834       6688         68          0          0   ROM Totals

==============================================================================

    Total RO  Size (Code + RO Data)                19400 (  18.95kB)
    Total RW  Size (RW Data + ZI Data)              1168 (   1.14kB)
    Total ROM Size (Code + RO Data + RW Data)      19468 (  19.01kB)

==============================================================================

